// Jest Snapshot v1, https://goo.gl/fbAQLP

exports[`Chat component check the input form is enabled 1`] = `
Array [
  <div
    className="MessageList-messages-3"
  />,
  <div
    className="InputBlock-block-8"
  >
    <input
      className="InputBlock-input-10"
      name="text"
      onChange={[Function]}
      onKeyPress={[Function]}
      placeholder="Message"
      type="text"
      value=""
    />
    <button
      className="InputBlock-button-9"
      onClick={[Function]}
    >
      Send
    </button>
  </div>,
]
`;

exports[`Chat component check the login is enabled 1`] = `
<div
  className="MessageList-messages-3"
/>
`;
